
> mondial-eco@0.1.0 build
> next build

   Γû▓ Next.js 16.0.6 (Turbopack)

   Creating an optimized production build ...
node.exe : 
At line:1 char:1
+ & "C:\Program Files\
nodejs/node.exe" 
"C:\Program 
Files\nodejs/node_mo 
...
+ ~~~~~~~~~~~~~~~~~~~~
~~~~~~~~~~~~~~~~~~~~~~
~~~~~~~~~~~~~~~~~~~~~~
~~~~~
    + CategoryInfo    
          : NotSpeci  
  fied: (:String) [   
 ], RemoteExceptio    
n
    + FullyQualifiedE 
   rrorId : NativeCo  
  mmandError
 
> Build error occurred
Error: Turbopack 
build failed with 1 
errors:
./lib/utils.ts:2:1
Module not found: 
Can't resolve 
'tailwind-merge'
[0m [90m 1 |[39m 
[36mimport[39m { 
type [33mClassValue[
39m[33m,[39m clsx } 
[36mfrom[39m 
[32m"clsx"[39m
[31m[1m>[22m[39m[
90m 2 |[39m 
[36mimport[39m { 
twMerge } 
[36mfrom[39m [32m"t
ailwind-merge"[39m
 [90m   |[39m [31m
[1m^[22m[39m[31m[1
m^[22m[39m[31m[1m^
[22m[39m[31m[1m^[
22m[39m[31m[1m^[22
m[39m[31m[1m^[22m
[39m[31m[1m^[22m[3
9m[31m[1m^[22m[39m
[31m[1m^[22m[39m[
31m[1m^[22m[39m[31
m[1m^[22m[39m[31m
[1m^[22m[39m[31m[1
m^[22m[39m[31m[1m^
[22m[39m[31m[1m^[
22m[39m[31m[1m^[22
m[39m[31m[1m^[22m
[39m[31m[1m^[22m[3
9m[31m[1m^[22m[39m
[31m[1m^[22m[39m[
31m[1m^[22m[39m[31
m[1m^[22m[39m[31m
[1m^[22m[39m[31m[1
m^[22m[39m[31m[1m^
[22m[39m[31m[1m^[
22m[39m[31m[1m^[22
m[39m[31m[1m^[22m
[39m[31m[1m^[22m[3
9m[31m[1m^[22m[39m
[31m[1m^[22m[39m[
31m[1m^[22m[39m[31
m[1m^[22m[39m[31m
[1m^[22m[39m[31m[1
m^[22m[39m[31m[1m^
[22m[39m[31m[1m^[
22m[39m[31m[1m^[22
m[39m[31m[1m^[22m
[39m[31m[1m^[22m[3
9m
 [90m 3 |[39m
 [90m 4 |[39m 
[36mexport[39m 
[36mfunction[39m cn(
[33m...[39minputs[3
3m:[39m [33mClassVal
ue[39m[]) {
 [90m 5 |[39m     
[36mreturn[39m twMer
ge(clsx(inputs))[0m



Import traces:
  Server Component:
    ./lib/utils.ts
    ./components/ui/bu
tton.tsx
    ./app/how-it-works
/page.tsx

  Client Component 
Browser:
    ./lib/utils.ts 
[Client Component 
Browser]
    ./components/ui/bu
tton.tsx [Client 
Component Browser]
    ./app/(auth)/login
/page.tsx [Client 
Component Browser]
    ./app/(auth)/login
/page.tsx [Server 
Component]

  Client Component 
SSR:
    ./lib/utils.ts 
[Client Component SSR]
    ./components/ui/bu
tton.tsx [Client 
Component SSR]
    ./app/(auth)/login
/page.tsx [Client 
Component SSR]
    ./app/(auth)/login
/page.tsx [Server 
Component]

https://nextjs.org/doc
s/messages/module-not-
found


    at <unknown> 
(./lib/utils.ts:2:1)
    at <unknown> (http
s://nextjs.org/docs/me
ssages/module-not-foun
d)
